// Jest Snapshot v1, https://goo.gl/fbAQLP

exports[`TaskTable should render a task table 1`] = `
[
  {
    "active": true,
    "createdAt": "1750551075680",
    "duration": {
      "days": null,
      "hours": null,
      "milliseconds": 835,
      "minutes": null,
      "seconds": 4,
      "years": null,
    },
    "id": 95,
    "lastTime": "1750551083234",
    "name": "Active Duration with times test",
    "secondsDuration": 4.835,
    "taskTimes": [],
    "updatedAt": "1750551075680",
  },
  {
    "active": true,
    "createdAt": "1750551035076",
    "duration": null,
    "id": 94,
    "lastTime": "1750551040643",
    "name": "Active Duration test",
    "secondsDuration": null,
    "taskTimes": [],
    "updatedAt": "1750551035076",
  },
  {
    "active": false,
    "createdAt": "1750168859679",
    "duration": {
      "days": null,
      "hours": null,
      "milliseconds": 779,
      "minutes": 55,
      "seconds": 20,
      "years": null,
    },
    "id": 85,
    "lastTime": "1750551009498",
    "name": "TimeTable component test",
    "secondsDuration": 3320.779,
    "taskTimes": [],
    "updatedAt": "1750168859679",
  },
  {
    "active": false,
    "createdAt": "1750546046133",
    "duration": null,
    "id": 1,
    "lastTime": "1750546046142",
    "name": "Test 2",
    "secondsDuration": null,
    "taskTimes": [],
    "updatedAt": "1750546046142",
  },
  {
    "active": false,
    "createdAt": "1750541047569",
    "duration": null,
    "id": 93,
    "lastTime": "1750541047569",
    "name": "No duration test",
    "secondsDuration": null,
    "taskTimes": [],
    "updatedAt": "1750541047569",
  },
  {
    "active": true,
    "createdAt": "1750339142100",
    "duration": {
      "days": 1,
      "hours": 2,
      "milliseconds": 593,
      "minutes": 26,
      "seconds": 16,
      "years": null,
    },
    "id": 92,
    "lastTime": "1750434330601",
    "name": "Long test",
    "secondsDuration": 95176.593,
    "taskTimes": [],
    "updatedAt": "1750339142100",
  },
  {
    "active": false,
    "createdAt": "1750338486924",
    "duration": {
      "days": 1,
      "hours": 2,
      "milliseconds": 451,
      "minutes": 34,
      "seconds": 44,
      "years": null,
    },
    "id": 91,
    "lastTime": "1750434187660",
    "name": "Test 2",
    "secondsDuration": 95684.451,
    "taskTimes": [],
    "updatedAt": "1750338486924",
  },
  {
    "active": false,
    "createdAt": "1750338481645",
    "duration": {
      "days": null,
      "hours": null,
      "milliseconds": 661,
      "minutes": 1,
      "seconds": 43,
      "years": null,
    },
    "id": 90,
    "lastTime": "1750338604570",
    "name": "Test 1",
    "secondsDuration": 103.661,
    "taskTimes": [],
    "updatedAt": "1750338481645",
  },
  {
    "active": false,
    "createdAt": "1750337122976",
    "duration": {
      "days": null,
      "hours": null,
      "milliseconds": 69,
      "minutes": 18,
      "seconds": 1,
      "years": null,
    },
    "id": 89,
    "lastTime": "1750338209903",
    "name": "GraphQL - Return all tasks with task times",
    "secondsDuration": 1081.069,
    "taskTimes": [],
    "updatedAt": "1750337122976",
  },
  {
    "active": false,
    "createdAt": "1750168888975",
    "duration": {
      "days": null,
      "hours": 1,
      "milliseconds": 1,
      "minutes": 47,
      "seconds": 12,
      "years": null,
    },
    "id": 86,
    "lastTime": "1750295937277",
    "name": "ActiveDuration component test",
    "secondsDuration": 6432.001,
    "taskTimes": [],
    "updatedAt": "1750168888975",
  },
  {
    "active": false,
    "createdAt": "1747611904169",
    "duration": {
      "days": null,
      "hours": 1,
      "milliseconds": 747,
      "minutes": 17,
      "seconds": 40,
      "years": null,
    },
    "id": 39,
    "lastTime": "1747697369880",
    "name": "Integrate logger with Sequelize",
    "secondsDuration": 4660.747,
    "taskTimes": [],
    "updatedAt": "1747611904169",
  },
  {
    "active": false,
    "createdAt": "1747531067029",
    "duration": {
      "days": null,
      "hours": null,
      "milliseconds": 205,
      "minutes": 42,
      "seconds": 47,
      "years": null,
    },
    "id": 31,
    "lastTime": "1747533641016",
    "name": "Add logging",
    "secondsDuration": 2567.205,
    "taskTimes": [],
    "updatedAt": "1747531067029",
  },
  {
    "active": false,
    "createdAt": "1747483574242",
    "duration": {
      "days": null,
      "hours": null,
      "milliseconds": 7,
      "minutes": 25,
      "seconds": 14,
      "years": null,
    },
    "id": 29,
    "lastTime": "1747485093763",
    "name": "Clean up any personal info",
    "secondsDuration": 1514.007,
    "taskTimes": [],
    "updatedAt": "1747483574242",
  },
  {
    "active": false,
    "createdAt": "1747348099047",
    "duration": {
      "days": null,
      "hours": 2,
      "milliseconds": 326,
      "minutes": 34,
      "seconds": 18,
      "years": null,
    },
    "id": 28,
    "lastTime": "1747445673153",
    "name": "Convert backend to TypeScript",
    "secondsDuration": 9258.326,
    "taskTimes": [],
    "updatedAt": "1747348099047",
  },
  {
    "active": false,
    "createdAt": "1746883377114",
    "duration": {
      "days": null,
      "hours": 1,
      "milliseconds": 878,
      "minutes": 53,
      "seconds": 27,
      "years": null,
    },
    "id": 10,
    "lastTime": "1747324842941",
    "name": "Planning",
    "secondsDuration": 6807.878,
    "taskTimes": [],
    "updatedAt": "1746883377114",
  },
  {
    "active": false,
    "createdAt": "1747086364931",
    "duration": {
      "days": null,
      "hours": 2,
      "milliseconds": 597,
      "minutes": 15,
      "seconds": 46,
      "years": null,
    },
    "id": 21,
    "lastTime": "1747155552005",
    "name": "feat(time): Create component to render a time interval",
    "secondsDuration": 8146.597,
    "taskTimes": [],
    "updatedAt": "1747086364931",
  },
]
`;
